// Jest Snapshot v1, https://goo.gl/fbAQLP

exports[`<GridSection /> should render with background 1`] = `
.c4 {
  color: #023059;
  font-size: 5.6rem;
  text-transform: uppercase;
}

.c9 {
  color: #023059;
  font-size: 2.4rem;
  text-transform: none;
}

.c6 {
  font-size: 2.4rem;
}

.c2 .c5 {
  margin-bottom: 5.6rem;
}

.c7 {
  counter-reset: grid-counter;
  display: grid;
  grid-template-columns: repeat(auto-fill, minmax(280px, 1fr));
  gap: 3.2rem;
  overflow: hidden;
  width: 100%;
}

.c7 .c5 {
  text-align: center;
}

.c8 .c3 {
  position: relative;
  left: 5rem;
}

.c8 .c3::before {
  counter-increment: grid-counter;
  content: counter(grid-counter);
  position: absolute;
  font-style: italic;
  font-size: 7rem;
  top: -3rem;
  left: -5rem;
  transform: rotate(5deg);
}

.c0 {
  background: #f0f0f2;
  color: #000000;
  min-height: 100vh;
  display: flex;
  align-items: center;
}

.c1 {
  max-width: 120rem;
  margin: 0 auto;
  padding: 3.2rem;
}

@media (max-width:768px) {
  .c4 {
    font-size: 4.0rem;
  }
}

@media (max-width:768px) {
  .c4 {
    font-size: 4.0rem;
  }
}

@media (max-width:768px) {
  .c9 {
    font-size: 4.0rem;
  }
}

@media (max-width:768px) {
  .c7 {
    grid-template-columns: 1fr;
  }
}

<div>
  <div
    class="c0"
  >
    <div
      class="c1"
    >
      <div
        class="c2"
      >
        <h2
          class="c3 c4"
        >
          DESCRIÇÃO DOS PRINCIPAIS TRABALHOS
        </h2>
        <div
          class="c5 c6"
        >
          Uma breve descrição do asunto que está por vim
        </div>
        <div
          class="c7"
        >
          <div
            class="c8"
          >
            <h3
              class="c3 c9"
            >
              Title 1
            </h3>
            <div
              class="c5 c6"
            >
              Lorem ipsum dolor, sit amet consectetur adipisicing elit.
      Doloribus quibusdam laborum officiis iste
      beatae obcaecati repellat, et veritatis provident culpa iusto id
      sequi corrupti magni repellendus, placeat corporis esse architecto.
            </div>
          </div>
          <div
            class="c8"
          >
            <h3
              class="c3 c9"
            >
              Title 2
            </h3>
            <div
              class="c5 c6"
            >
              Lorem ipsum dolor, sit amet consectetur adipisicing elit.
      Doloribus quibusdam laborum officiis iste
      beatae obcaecati repellat, et veritatis provident culpa iusto id
      sequi corrupti magni repellendus, placeat corporis esse architecto.
            </div>
          </div>
          <div
            class="c8"
          >
            <h3
              class="c3 c9"
            >
              Title 3
            </h3>
            <div
              class="c5 c6"
            >
              Lorem ipsum dolor, sit amet consectetur adipisicing elit.
      Doloribus quibusdam laborum officiis iste
      beatae obcaecati repellat, et veritatis provident culpa iusto id
      sequi corrupti magni repellendus, placeat corporis esse architecto.
            </div>
          </div>
        </div>
      </div>
    </div>
  </div>
</div>
`;

exports[`<GridSection /> should render without background 1`] = `
.c4 {
  color: #023059;
  font-size: 5.6rem;
  text-transform: uppercase;
}

.c9 {
  color: #023059;
  font-size: 2.4rem;
  text-transform: none;
}

.c6 {
  font-size: 2.4rem;
}

.c2 .c5 {
  margin-bottom: 5.6rem;
}

.c7 {
  counter-reset: grid-counter;
  display: grid;
  grid-template-columns: repeat(auto-fill, minmax(280px, 1fr));
  gap: 3.2rem;
  overflow: hidden;
  width: 100%;
}

.c7 .c5 {
  text-align: center;
}

.c8 .c3 {
  position: relative;
  left: 5rem;
}

.c8 .c3::before {
  counter-increment: grid-counter;
  content: counter(grid-counter);
  position: absolute;
  font-style: italic;
  font-size: 7rem;
  top: -3rem;
  left: -5rem;
  transform: rotate(5deg);
}

.c0 {
  background: #f0f0f2;
  color: #000000;
  min-height: 100vh;
  display: flex;
  align-items: center;
}

.c1 {
  max-width: 120rem;
  margin: 0 auto;
  padding: 3.2rem;
}

@media (max-width:768px) {
  .c4 {
    font-size: 4.0rem;
  }
}

@media (max-width:768px) {
  .c4 {
    font-size: 4.0rem;
  }
}

@media (max-width:768px) {
  .c9 {
    font-size: 4.0rem;
  }
}

@media (max-width:768px) {
  .c7 {
    grid-template-columns: 1fr;
  }
}

<div>
  <div
    class="c0"
  >
    <div
      class="c1"
    >
      <div
        class="c2"
      >
        <h2
          class="c3 c4"
        >
          DESCRIÇÃO DOS PRINCIPAIS TRABALHOS
        </h2>
        <div
          class="c5 c6"
        >
          Uma breve descrição do asunto que está por vim
        </div>
        <div
          class="c7"
        >
          <div
            class="c8"
          >
            <h3
              class="c3 c9"
            >
              Title 1
            </h3>
            <div
              class="c5 c6"
            >
              Lorem ipsum dolor, sit amet consectetur adipisicing elit.
      Doloribus quibusdam laborum officiis iste
      beatae obcaecati repellat, et veritatis provident culpa iusto id
      sequi corrupti magni repellendus, placeat corporis esse architecto.
            </div>
          </div>
          <div
            class="c8"
          >
            <h3
              class="c3 c9"
            >
              Title 2
            </h3>
            <div
              class="c5 c6"
            >
              Lorem ipsum dolor, sit amet consectetur adipisicing elit.
      Doloribus quibusdam laborum officiis iste
      beatae obcaecati repellat, et veritatis provident culpa iusto id
      sequi corrupti magni repellendus, placeat corporis esse architecto.
            </div>
          </div>
          <div
            class="c8"
          >
            <h3
              class="c3 c9"
            >
              Title 3
            </h3>
            <div
              class="c5 c6"
            >
              Lorem ipsum dolor, sit amet consectetur adipisicing elit.
      Doloribus quibusdam laborum officiis iste
      beatae obcaecati repellat, et veritatis provident culpa iusto id
      sequi corrupti magni repellendus, placeat corporis esse architecto.
            </div>
          </div>
        </div>
      </div>
    </div>
  </div>
</div>
`;
