// Jest Snapshot v1, https://goo.gl/fbAQLP

exports[`<LogoLink /> should match a snapshot 1`] = `
.c1 {
  display: flex;
  align-items: center;
  text-decoration: none;
  color: inherit;
}

.c1 >img {
  max-height: 2.5rem;
}

.c0 {
  color: #023059;
  font-size: 1.6rem;
  text-transform: uppercase;
}

@media (max-width:768px) {
  .c1 {
    font-size: 1.6rem;
  }
}

@media (max-width:768px) {
  .c0 {
    font-size: 4.0rem;
  }
}

<h1
  class="c0"
>
  <a
    class="c1"
    href="#home"
  >
    <img
      alt="Logo"
      src="logo.jpg"
    />
  </a>
</h1>
`;
