// Jest Snapshot v1, https://goo.gl/fbAQLP

exports[`<Footer /> should render 1`] = `
.c2 {
  font-size: 2.4rem;
}

.c0 {
  max-width: 120rem;
  margin: 0 auto;
  text-align: center;
  border-top: 1px solid lightgray;
}

.c0 .c1 {
  font-size: 1.6rem;
}

<div>
  <footer
    class="c0"
  >
    <div
      class="c1 c2"
    >
      <h1>
        Hello
      </h1>
    </div>
  </footer>
</div>
`;
