// Jest Snapshot v1, https://goo.gl/fbAQLP

exports[`<GridTwoColumns /> should render 1`] = `
.c5 {
  color: #023059;
  font-size: 5.6rem;
  text-transform: uppercase;
}

.c2 {
  display: grid;
  grid-template-columns: 1fr 2fr;
  align-items: center;
  text-align: justify;
  gap: 3.2rem;
}

.c2 .c4 {
  margin-bottom: 3.2rem;
}

.c7 {
  width: 100%;
  height: auto;
}

.c0 {
  background: #f0f0f2;
  color: #000000;
  min-height: 100vh;
  display: flex;
  align-items: center;
}

.c1 {
  max-width: 120rem;
  margin: 0 auto;
  padding: 3.2rem;
}

.c6 {
  font-size: 2.4rem;
}

@media (max-width:768px) {
  .c5 {
    font-size: 4.0rem;
  }
}

@media (max-width:768px) {
  .c5 {
    font-size: 4.0rem;
  }
}

@media (max-width:768px) {
  .c2 {
    grid-template-columns: 1fr;
  }
}

@media (max-width:768px) {
  .c3 {
    margin-bottom: 3.2rem;
  }
}

<div>
  <div
    class="c0"
  >
    <div
      class="c1"
    >
      <div
        class="c2"
      >
        <div
          class="c3"
        >
          <h2
            class="c4 c5"
          >
            Grid Two Columns
          </h2>
          <div
            class="c6"
          >
            Lorem ipsum dolor sit amet consectetur adipisicing elit. Illum eos ratione,
  velit corporis id blanditiis voluptatibus
  quam, numquam eaque molestiae voluptas nesciunt aut dolores aperiam veniam ea natus repellat quasi!
          </div>
        </div>
        <div
          class=""
        >
          <img
            alt="Grid Two Columns"
            class="c7"
            src="assets/images/javascript.svg"
          />
        </div>
      </div>
    </div>
  </div>
</div>
`;
