// Jest Snapshot v1, https://goo.gl/fbAQLP

exports[`<GridImage /> should render grid images without background 1`] = `
.c3 {
  color: #023059;
  font-size: 5.6rem;
  text-transform: uppercase;
}

.c5 {
  font-size: 2.4rem;
}

.c2 >.c4 {
  margin-bottom: 5.6rem;
}

.c6 {
  display: grid;
  grid-template-columns: repeat(3, 1fr);
  gap: 5.6rem;
}

.c7 {
  overflow: hidden;
}

.c8 {
  width: 100%;
  transition: all 300ms ease-in-out;
}

.c8:hover {
  transform: scale(1.2) rotate(10deg);
}

.c0 {
  background: #f0f0f2;
  color: #000000;
  min-height: 100vh;
  display: flex;
  align-items: center;
}

.c1 {
  max-width: 120rem;
  margin: 0 auto;
  padding: 3.2rem;
}

@media (max-width:768px) {
  .c3 {
    font-size: 4.0rem;
  }
}

@media (max-width:768px) {
  .c3 {
    font-size: 4.0rem;
  }
}

@media (max-width:768px) {
  .c6 {
    grid-template-columns: 1fr;
  }
}

<div>
  <div
    class="c0"
  >
    <div
      class="c1"
    >
      <div
        class="c2"
      >
        <h2
          class="c3"
        >
          GALERIA
        </h2>
        <div
          class="c4 c5"
        >
          Uma breve descrição
        </div>
        <div
          class="c6"
        >
          <div
            class="c7"
          >
            <img
              alt="Test 1"
              class="c8"
              src="https://source.unsplash.com/random/360x360?r=1"
            />
          </div>
          <div
            class="c7"
          >
            <img
              alt="Test 2"
              class="c8"
              src="https://source.unsplash.com/random/360x360?r=2"
            />
          </div>
          <div
            class="c7"
          >
            <img
              alt="Test 3"
              class="c8"
              src="https://source.unsplash.com/random/360x360?r=3"
            />
          </div>
          <div
            class="c7"
          >
            <img
              alt="Test 4"
              class="c8"
              src="https://source.unsplash.com/random/360x360?r=4"
            />
          </div>
          <div
            class="c7"
          >
            <img
              alt="Test 5"
              class="c8"
              src="https://source.unsplash.com/random/360x360?r=5"
            />
          </div>
          <div
            class="c7"
          >
            <img
              alt="Test 6"
              class="c8"
              src="https://source.unsplash.com/random/360x360?r=6"
            />
          </div>
        </div>
      </div>
    </div>
  </div>
</div>
`;

exports[`<GridImage /> should render grid with title, description and images 1`] = `
.c3 {
  color: #023059;
  font-size: 5.6rem;
  text-transform: uppercase;
}

.c5 {
  font-size: 2.4rem;
}

.c2 >.c4 {
  margin-bottom: 5.6rem;
}

.c6 {
  display: grid;
  grid-template-columns: repeat(3, 1fr);
  gap: 5.6rem;
}

.c7 {
  overflow: hidden;
}

.c8 {
  width: 100%;
  transition: all 300ms ease-in-out;
}

.c8:hover {
  transform: scale(1.2) rotate(10deg);
}

.c0 {
  background: #f0f0f2;
  color: #000000;
  min-height: 100vh;
  display: flex;
  align-items: center;
}

.c1 {
  max-width: 120rem;
  margin: 0 auto;
  padding: 3.2rem;
}

@media (max-width:768px) {
  .c3 {
    font-size: 4.0rem;
  }
}

@media (max-width:768px) {
  .c3 {
    font-size: 4.0rem;
  }
}

@media (max-width:768px) {
  .c6 {
    grid-template-columns: 1fr;
  }
}

<div>
  <div
    class="c0"
  >
    <div
      class="c1"
    >
      <div
        class="c2"
      >
        <h2
          class="c3"
        >
          GALERIA
        </h2>
        <div
          class="c4 c5"
        >
          Uma breve descrição
        </div>
        <div
          class="c6"
        >
          <div
            class="c7"
          >
            <img
              alt="Test 1"
              class="c8"
              src="https://source.unsplash.com/random/360x360?r=1"
            />
          </div>
          <div
            class="c7"
          >
            <img
              alt="Test 2"
              class="c8"
              src="https://source.unsplash.com/random/360x360?r=2"
            />
          </div>
          <div
            class="c7"
          >
            <img
              alt="Test 3"
              class="c8"
              src="https://source.unsplash.com/random/360x360?r=3"
            />
          </div>
          <div
            class="c7"
          >
            <img
              alt="Test 4"
              class="c8"
              src="https://source.unsplash.com/random/360x360?r=4"
            />
          </div>
          <div
            class="c7"
          >
            <img
              alt="Test 5"
              class="c8"
              src="https://source.unsplash.com/random/360x360?r=5"
            />
          </div>
          <div
            class="c7"
          >
            <img
              alt="Test 6"
              class="c8"
              src="https://source.unsplash.com/random/360x360?r=6"
            />
          </div>
        </div>
      </div>
    </div>
  </div>
</div>
`;
