// Jest Snapshot v1, https://goo.gl/fbAQLP

exports[`<MenuLink /> should match a snapshot 1`] = `
.c0 {
  display: block;
  position: relative;
  text-decoration: none;
  transition: all 300ms ease-in-out;
  font-size: 1.6rem;
  padding: 1.6rem;
  color: #023059;
}

.c0::after {
  content: '';
  position: absolute;
  bottom: 0.8rem;
  left: 50%;
  width: 0%;
  height: 0.2rem;
  background-color: #dc143c;
  transition: all 300ms ease-in-out;
}

.c0:hover::after {
  left: 25%;
  width: 50%;
}

.c0:hover {
  color: #065473;
}

<a
  class="c0"
  href="http://localhost"
  target="_self"
>
  Children
</a>
`;
