// Jest Snapshot v1, https://goo.gl/fbAQLP

exports[`<Heading /> should match a snapshot 1`] = `
.c0 {
  color: #023059;
  font-size: 5.6rem;
  text-transform: uppercase;
}

@media (max-width:768px) {
  .c0 {
    font-size: 4.0rem;
  }
}

@media (max-width:768px) {
  .c0 {
    font-size: 4.0rem;
  }
}

<h1
  class="c0"
>
  Texto
</h1>
`;
